2026-08-22 00:47:34,288 [WARNING] 未获取到有效的 words 列表，响应 keys: ['top_search']
2026-08-22 00:47:34,288 [ERROR] 没有获取到热搜数据，退出。
2026-08-22 00:47:35,231 [ERROR] 请求失败：403 Client Error: Forbidden for url: https://www.zhihu.com/api/v3/feed/topstory/hot-lists/total?limit=50&desktop=true
2026-08-22 00:47:35,231 [ERROR] 没有获取到热榜数据，退出。
2026-08-22 02:11:08,247 [WARNING] 未获取到有效的 words 列表，响应 keys: ['top_search']
2026-08-22 02:11:08,247 [ERROR] 没有获取到热搜数据，退出。
2026-08-22 02:11:08,866 [ERROR] 请求失败：403 Client Error: Forbidden for url: https://www.zhihu.com/api/v3/feed/topstory/hot-lists/total?limit=50&desktop=true
2026-08-22 02:11:08,866 [ERROR] 没有获取到热榜数据，退出。
2026-08-22 03:34:44,467 [WARNING] 未获取到有效的 words 列表，响应 keys: ['top_search']
2026-08-22 03:34:44,467 [ERROR] 没有获取到热搜数据，退出。
2026-08-22 03:34:45,294 [ERROR] 请求失败：403 Client Error: Forbidden for url: https://www.zhihu.com/api/v3/feed/topstory/hot-lists/total?limit=50&desktop=true
2026-08-22 03:34:45,294 [ERROR] 没有获取到热榜数据，退出。
2026-08-22 04:24:16,915 [ERROR] 请求失败：403 Client Error: Forbidden for url: https://www.zhihu.com/api/v4/search/top_search
2026-08-22 04:24:16,915 [ERROR] 没有获取到热搜数据，退出。
2026-08-22 04:24:17,882 [ERROR] 请求失败：403 Client Error: Forbidden for url: https://www.zhihu.com/api/v3/feed/topstory/hot-lists/total?limit=50&desktop=true
2026-08-22 04:24:17,883 [ERROR] 没有获取到热榜数据，退出。
2026-08-22 05:19:28,980 [ERROR] 请求失败：403 Client Error: Forbidden for url: https://www.zhihu.com/api/v4/search/top_search
2026-08-22 05:19:28,980 [ERROR] 没有获取到热搜数据，退出。
2026-08-22 05:19:29,751 [ERROR] 请求失败：403 Client Error: Forbidden for url: https://www.zhihu.com/api/v3/feed/topstory/hot-lists/total?limit=50&desktop=true
2026-08-22 05:19:29,751 [ERROR] 没有获取到热榜数据，退出。
2026-08-22 06:25:35,994 [WARNING] 未获取到有效的 words 列表，响应 keys: ['top_search']
2026-08-22 06:25:35,994 [ERROR] 没有获取到热搜数据，退出。
2026-08-22 06:25:36,953 [ERROR] 请求失败：403 Client Error: Forbidden for url: https://www.zhihu.com/api/v3/feed/topstory/hot-lists/total?limit=50&desktop=true
2026-08-22 06:25:36,953 [ERROR] 没有获取到热榜数据，退出。
2026-08-22 07:24:08,143 [WARNING] 未获取到有效的 words 列表，响应 keys: ['top_search']
2026-08-22 07:24:08,144 [ERROR] 没有获取到热搜数据，退出。
2026-08-22 07:24:09,086 [ERROR] 请求失败：403 Client Error: Forbidden for url: https://www.zhihu.com/api/v3/feed/topstory/hot-lists/total?limit=50&desktop=true
2026-08-22 07:24:09,086 [ERROR] 没有获取到热榜数据，退出。
2026-08-22 08:19:10,140 [WARNING] 未获取到有效的 words 列表，响应 keys: ['top_search']
2026-08-22 08:19:10,140 [ERROR] 没有获取到热搜数据，退出。
2026-08-22 08:19:11,011 [ERROR] 请求失败：403 Client Error: Forbidden for url: https://www.zhihu.com/api/v3/feed/topstory/hot-lists/total?limit=50&desktop=true
2026-08-22 08:19:11,011 [ERROR] 没有获取到热榜数据，退出。
2026-08-22 09:19:10,332 [ERROR] 请求失败：403 Client Error: Forbidden for url: https://www.zhihu.com/api/v4/search/top_search
2026-08-22 09:19:10,333 [ERROR] 没有获取到热搜数据，退出。
2026-08-22 09:19:11,236 [ERROR] 请求失败：403 Client Error: Forbidden for url: https://www.zhihu.com/api/v3/feed/topstory/hot-lists/total?limit=50&desktop=true
2026-08-22 09:19:11,236 [ERROR] 没有获取到热榜数据，退出。
2026-08-22 10:14:30,673 [WARNING] 未获取到有效的 words 列表，响应 keys: ['top_search']
2026-08-22 10:14:30,673 [ERROR] 没有获取到热搜数据，退出。
2026-08-22 10:14:31,573 [ERROR] 请求失败：403 Client Error: Forbidden for url: https://www.zhihu.com/api/v3/feed/topstory/hot-lists/total?limit=50&desktop=true
2026-08-22 10:14:31,573 [ERROR] 没有获取到热榜数据，退出。
