2026-08-15 00:47:40,330 [WARNING] 未获取到有效的 words 列表，响应 keys: ['top_search']
2026-08-15 00:47:40,330 [ERROR] 没有获取到热搜数据，退出。
2026-08-15 00:47:41,184 [ERROR] 请求失败：401 Client Error: Authorization Required for url: https://www.zhihu.com/api/v3/feed/topstory/hot-lists/total?limit=50&desktop=true
2026-08-15 00:47:41,184 [ERROR] 没有获取到热榜数据，退出。
2026-08-15 02:08:55,299 [WARNING] 未获取到有效的 words 列表，响应 keys: ['top_search']
2026-08-15 02:08:55,299 [ERROR] 没有获取到热搜数据，退出。
2026-08-15 02:08:56,086 [ERROR] 请求失败：403 Client Error: Forbidden for url: https://www.zhihu.com/api/v3/feed/topstory/hot-lists/total?limit=50&desktop=true
2026-08-15 02:08:56,086 [ERROR] 没有获取到热榜数据，退出。
2026-08-15 03:31:34,277 [WARNING] 未获取到有效的 words 列表，响应 keys: ['top_search']
2026-08-15 03:31:34,277 [ERROR] 没有获取到热搜数据，退出。
2026-08-15 03:31:34,984 [ERROR] 请求失败：403 Client Error: Forbidden for url: https://www.zhihu.com/api/v3/feed/topstory/hot-lists/total?limit=50&desktop=true
2026-08-15 03:31:34,984 [ERROR] 没有获取到热榜数据，退出。
2026-08-15 04:21:21,076 [WARNING] 未获取到有效的 words 列表，响应 keys: ['top_search']
2026-08-15 04:21:21,076 [ERROR] 没有获取到热搜数据，退出。
2026-08-15 04:21:21,819 [ERROR] 请求失败：403 Client Error: Forbidden for url: https://www.zhihu.com/api/v3/feed/topstory/hot-lists/total?limit=50&desktop=true
2026-08-15 04:21:21,819 [ERROR] 没有获取到热榜数据，退出。
2026-08-15 05:17:43,511 [WARNING] 未获取到有效的 words 列表，响应 keys: ['top_search']
2026-08-15 05:17:43,512 [ERROR] 没有获取到热搜数据，退出。
2026-08-15 05:17:44,306 [ERROR] 请求失败：403 Client Error: Forbidden for url: https://www.zhihu.com/api/v3/feed/topstory/hot-lists/total?limit=50&desktop=true
2026-08-15 05:17:44,306 [ERROR] 没有获取到热榜数据，退出。
2026-08-15 06:23:28,582 [WARNING] 未获取到有效的 words 列表，响应 keys: ['top_search']
2026-08-15 06:23:28,582 [ERROR] 没有获取到热搜数据，退出。
2026-08-15 06:23:29,375 [ERROR] 请求失败：403 Client Error: Forbidden for url: https://www.zhihu.com/api/v3/feed/topstory/hot-lists/total?limit=50&desktop=true
2026-08-15 06:23:29,375 [ERROR] 没有获取到热榜数据，退出。
2026-08-15 07:23:11,511 [WARNING] 未获取到有效的 words 列表，响应 keys: ['top_search']
2026-08-15 07:23:11,511 [ERROR] 没有获取到热搜数据，退出。
2026-08-15 07:23:12,215 [ERROR] 请求失败：401 Client Error: Authorization Required for url: https://www.zhihu.com/api/v3/feed/topstory/hot-lists/total?limit=50&desktop=true
2026-08-15 07:23:12,215 [ERROR] 没有获取到热榜数据，退出。
2026-08-15 08:17:40,333 [WARNING] 未获取到有效的 words 列表，响应 keys: ['top_search']
2026-08-15 08:17:40,333 [ERROR] 没有获取到热搜数据，退出。
2026-08-15 08:17:41,088 [ERROR] 请求失败：403 Client Error: Forbidden for url: https://www.zhihu.com/api/v3/feed/topstory/hot-lists/total?limit=50&desktop=true
2026-08-15 08:17:41,088 [ERROR] 没有获取到热榜数据，退出。
2026-08-15 09:17:46,120 [WARNING] 未获取到有效的 words 列表，响应 keys: ['top_search']
2026-08-15 09:17:46,120 [ERROR] 没有获取到热搜数据，退出。
2026-08-15 09:17:46,892 [ERROR] 请求失败：401 Client Error: Authorization Required for url: https://www.zhihu.com/api/v3/feed/topstory/hot-lists/total?limit=50&desktop=true
2026-08-15 09:17:46,892 [ERROR] 没有获取到热榜数据，退出。
2026-08-15 10:14:19,328 [WARNING] 未获取到有效的 words 列表，响应 keys: ['top_search']
2026-08-15 10:14:19,328 [ERROR] 没有获取到热搜数据，退出。
2026-08-15 10:14:19,985 [ERROR] 请求失败：403 Client Error: Forbidden for url: https://www.zhihu.com/api/v3/feed/topstory/hot-lists/total?limit=50&desktop=true
2026-08-15 10:14:19,985 [ERROR] 没有获取到热榜数据，退出。
2026-08-15 11:12:08,412 [WARNING] 未获取到有效的 words 列表，响应 keys: ['top_search']
2026-08-15 11:12:08,412 [ERROR] 没有获取到热搜数据，退出。
2026-08-15 11:12:09,217 [ERROR] 请求失败：401 Client Error: Authorization Required for url: https://www.zhihu.com/api/v3/feed/topstory/hot-lists/total?limit=50&desktop=true
2026-08-15 11:12:09,217 [ERROR] 没有获取到热榜数据，退出。
2026-08-15 12:21:10,790 [WARNING] 未获取到有效的 words 列表，响应 keys: ['top_search']
2026-08-15 12:21:10,790 [ERROR] 没有获取到热搜数据，退出。
2026-08-15 12:21:11,579 [ERROR] 请求失败：403 Client Error: Forbidden for url: https://www.zhihu.com/api/v3/feed/topstory/hot-lists/total?limit=50&desktop=true
2026-08-15 12:21:11,579 [ERROR] 没有获取到热榜数据，退出。
2026-08-15 13:23:43,450 [WARNING] 未获取到有效的 words 列表，响应 keys: ['top_search']
2026-08-15 13:23:43,450 [ERROR] 没有获取到热搜数据，退出。
2026-08-15 13:23:44,131 [ERROR] 请求失败：401 Client Error: Authorization Required for url: https://www.zhihu.com/api/v3/feed/topstory/hot-lists/total?limit=50&desktop=true
2026-08-15 13:23:44,131 [ERROR] 没有获取到热榜数据，退出。
2026-08-15 14:13:54,641 [WARNING] 未获取到有效的 words 列表，响应 keys: ['top_search']
2026-08-15 14:13:54,642 [ERROR] 没有获取到热搜数据，退出。
2026-08-15 14:13:55,425 [ERROR] 请求失败：403 Client Error: Forbidden for url: https://www.zhihu.com/api/v3/feed/topstory/hot-lists/total?limit=50&desktop=true
2026-08-15 14:13:55,426 [ERROR] 没有获取到热榜数据，退出。
2026-08-15 15:12:22,507 [WARNING] 未获取到有效的 words 列表，响应 keys: ['top_search']
2026-08-15 15:12:22,507 [ERROR] 没有获取到热搜数据，退出。
2026-08-15 15:12:23,351 [ERROR] 请求失败：403 Client Error: Forbidden for url: https://www.zhihu.com/api/v3/feed/topstory/hot-lists/total?limit=50&desktop=true
2026-08-15 15:12:23,351 [ERROR] 没有获取到热榜数据，退出。
2026-08-15 16:14:47,679 [WARNING] 未获取到有效的 words 列表，响应 keys: ['top_search']
2026-08-15 16:14:47,679 [ERROR] 没有获取到热搜数据，退出。
2026-08-15 16:14:48,573 [ERROR] 请求失败：403 Client Error: Forbidden for url: https://www.zhihu.com/api/v3/feed/topstory/hot-lists/total?limit=50&desktop=true
2026-08-15 16:14:48,573 [ERROR] 没有获取到热榜数据，退出。
