2026-08-23 00:52:06,023 [WARNING] 未获取到有效的 words 列表，响应 keys: ['top_search']
2026-08-23 00:52:06,023 [ERROR] 没有获取到热搜数据，退出。
2026-08-23 00:52:06,923 [ERROR] 请求失败：403 Client Error: Forbidden for url: https://www.zhihu.com/api/v3/feed/topstory/hot-lists/total?limit=50&desktop=true
2026-08-23 00:52:06,923 [ERROR] 没有获取到热榜数据，退出。
2026-08-23 02:19:38,621 [WARNING] 未获取到有效的 words 列表，响应 keys: ['top_search']
2026-08-23 02:19:38,621 [ERROR] 没有获取到热搜数据，退出。
2026-08-23 02:19:39,570 [ERROR] 请求失败：403 Client Error: Forbidden for url: https://www.zhihu.com/api/v3/feed/topstory/hot-lists/total?limit=50&desktop=true
2026-08-23 02:19:39,570 [ERROR] 没有获取到热榜数据，退出。
2026-08-23 03:42:47,146 [ERROR] 请求失败：403 Client Error: Forbidden for url: https://www.zhihu.com/api/v4/search/top_search
2026-08-23 03:42:47,146 [ERROR] 没有获取到热搜数据，退出。
2026-08-23 03:42:48,113 [ERROR] 请求失败：403 Client Error: Forbidden for url: https://www.zhihu.com/api/v3/feed/topstory/hot-lists/total?limit=50&desktop=true
2026-08-23 03:42:48,113 [ERROR] 没有获取到热榜数据，退出。
2026-08-23 04:28:31,697 [WARNING] 未获取到有效的 words 列表，响应 keys: ['top_search']
2026-08-23 04:28:31,698 [ERROR] 没有获取到热搜数据，退出。
2026-08-23 04:28:32,473 [ERROR] 请求失败：403 Client Error: Forbidden for url: https://www.zhihu.com/api/v3/feed/topstory/hot-lists/total?limit=50&desktop=true
2026-08-23 04:28:32,473 [ERROR] 没有获取到热榜数据，退出。
2026-08-23 05:21:21,980 [WARNING] 未获取到有效的 words 列表，响应 keys: ['top_search']
2026-08-23 05:21:21,980 [ERROR] 没有获取到热搜数据，退出。
2026-08-23 05:21:22,774 [ERROR] 请求失败：403 Client Error: Forbidden for url: https://www.zhihu.com/api/v3/feed/topstory/hot-lists/total?limit=50&desktop=true
2026-08-23 05:21:22,774 [ERROR] 没有获取到热榜数据，退出。
2026-08-23 06:27:05,974 [WARNING] 未获取到有效的 words 列表，响应 keys: ['top_search']
2026-08-23 06:27:05,974 [ERROR] 没有获取到热搜数据，退出。
2026-08-23 06:27:06,745 [ERROR] 请求失败：403 Client Error: Forbidden for url: https://www.zhihu.com/api/v3/feed/topstory/hot-lists/total?limit=50&desktop=true
2026-08-23 06:27:06,745 [ERROR] 没有获取到热榜数据，退出。
2026-08-23 07:26:21,624 [WARNING] 未获取到有效的 words 列表，响应 keys: ['top_search']
2026-08-23 07:26:21,624 [ERROR] 没有获取到热搜数据，退出。
2026-08-23 07:26:22,415 [ERROR] 请求失败：403 Client Error: Forbidden for url: https://www.zhihu.com/api/v3/feed/topstory/hot-lists/total?limit=50&desktop=true
2026-08-23 07:26:22,415 [ERROR] 没有获取到热榜数据，退出。
2026-08-23 08:19:58,527 [WARNING] 未获取到有效的 words 列表，响应 keys: ['top_search']
2026-08-23 08:19:58,527 [ERROR] 没有获取到热搜数据，退出。
2026-08-23 08:19:59,482 [ERROR] 请求失败：403 Client Error: Forbidden for url: https://www.zhihu.com/api/v3/feed/topstory/hot-lists/total?limit=50&desktop=true
2026-08-23 08:19:59,482 [ERROR] 没有获取到热榜数据，退出。
2026-08-23 09:19:50,072 [WARNING] 未获取到有效的 words 列表，响应 keys: ['top_search']
2026-08-23 09:19:50,072 [ERROR] 没有获取到热搜数据，退出。
2026-08-23 09:19:50,916 [ERROR] 请求失败：403 Client Error: Forbidden for url: https://www.zhihu.com/api/v3/feed/topstory/hot-lists/total?limit=50&desktop=true
2026-08-23 09:19:50,916 [ERROR] 没有获取到热榜数据，退出。
2026-08-23 10:15:04,059 [WARNING] 未获取到有效的 words 列表，响应 keys: ['top_search']
2026-08-23 10:15:04,059 [ERROR] 没有获取到热搜数据，退出。
2026-08-23 10:15:04,843 [ERROR] 请求失败：403 Client Error: Forbidden for url: https://www.zhihu.com/api/v3/feed/topstory/hot-lists/total?limit=50&desktop=true
2026-08-23 10:15:04,843 [ERROR] 没有获取到热榜数据，退出。
2026-08-23 11:13:24,283 [WARNING] 未获取到有效的 words 列表，响应 keys: ['top_search']
2026-08-23 11:13:24,283 [ERROR] 没有获取到热搜数据，退出。
2026-08-23 11:13:25,230 [ERROR] 请求失败：403 Client Error: Forbidden for url: https://www.zhihu.com/api/v3/feed/topstory/hot-lists/total?limit=50&desktop=true
2026-08-23 11:13:25,230 [ERROR] 没有获取到热榜数据，退出。
2026-08-23 12:23:04,890 [WARNING] 未获取到有效的 words 列表，响应 keys: ['top_search']
2026-08-23 12:23:04,890 [ERROR] 没有获取到热搜数据，退出。
2026-08-23 12:23:05,657 [ERROR] 请求失败：403 Client Error: Forbidden for url: https://www.zhihu.com/api/v3/feed/topstory/hot-lists/total?limit=50&desktop=true
2026-08-23 12:23:05,657 [ERROR] 没有获取到热榜数据，退出。
2026-08-23 13:25:49,071 [WARNING] 未获取到有效的 words 列表，响应 keys: ['top_search']
2026-08-23 13:25:49,071 [ERROR] 没有获取到热搜数据，退出。
2026-08-23 13:25:50,014 [ERROR] 请求失败：403 Client Error: Forbidden for url: https://www.zhihu.com/api/v3/feed/topstory/hot-lists/total?limit=50&desktop=true
2026-08-23 13:25:50,015 [ERROR] 没有获取到热榜数据，退出。
2026-08-23 14:15:04,678 [WARNING] 未获取到有效的 words 列表，响应 keys: ['top_search']
2026-08-23 14:15:04,678 [ERROR] 没有获取到热搜数据，退出。
2026-08-23 14:15:05,476 [ERROR] 请求失败：403 Client Error: Forbidden for url: https://www.zhihu.com/api/v3/feed/topstory/hot-lists/total?limit=50&desktop=true
2026-08-23 14:15:05,476 [ERROR] 没有获取到热榜数据，退出。
2026-08-23 15:14:01,199 [WARNING] 未获取到有效的 words 列表，响应 keys: ['top_search']
2026-08-23 15:14:01,199 [ERROR] 没有获取到热搜数据，退出。
2026-08-23 15:14:02,160 [ERROR] 请求失败：403 Client Error: Forbidden for url: https://www.zhihu.com/api/v3/feed/topstory/hot-lists/total?limit=50&desktop=true
2026-08-23 15:14:02,161 [ERROR] 没有获取到热榜数据，退出。
2026-08-23 16:15:17,627 [WARNING] 未获取到有效的 words 列表，响应 keys: ['top_search']
2026-08-23 16:15:17,628 [ERROR] 没有获取到热搜数据，退出。
2026-08-23 16:15:18,571 [ERROR] 请求失败：403 Client Error: Forbidden for url: https://www.zhihu.com/api/v3/feed/topstory/hot-lists/total?limit=50&desktop=true
2026-08-23 16:15:18,571 [ERROR] 没有获取到热榜数据，退出。
2026-08-23 17:13:28,224 [WARNING] 未获取到有效的 words 列表，响应 keys: ['top_search']
2026-08-23 17:13:28,224 [ERROR] 没有获取到热搜数据，退出。
2026-08-23 17:13:29,169 [ERROR] 请求失败：403 Client Error: Forbidden for url: https://www.zhihu.com/api/v3/feed/topstory/hot-lists/total?limit=50&desktop=true
2026-08-23 17:13:29,169 [ERROR] 没有获取到热榜数据，退出。
2026-08-23 18:17:21,084 [WARNING] 未获取到有效的 words 列表，响应 keys: ['top_search']
2026-08-23 18:17:21,084 [ERROR] 没有获取到热搜数据，退出。
2026-08-23 18:17:22,036 [ERROR] 请求失败：403 Client Error: Forbidden for url: https://www.zhihu.com/api/v3/feed/topstory/hot-lists/total?limit=50&desktop=true
2026-08-23 18:17:22,036 [ERROR] 没有获取到热榜数据，退出。
2026-08-23 19:16:29,634 [WARNING] 未获取到有效的 words 列表，响应 keys: ['top_search']
2026-08-23 19:16:29,634 [ERROR] 没有获取到热搜数据，退出。
2026-08-23 19:16:30,586 [ERROR] 请求失败：401 Client Error: Authorization Required for url: https://www.zhihu.com/api/v3/feed/topstory/hot-lists/total?limit=50&desktop=true
2026-08-23 19:16:30,586 [ERROR] 没有获取到热榜数据，退出。
2026-08-23 20:12:54,751 [WARNING] 未获取到有效的 words 列表，响应 keys: ['top_search']
2026-08-23 20:12:54,751 [ERROR] 没有获取到热搜数据，退出。
2026-08-23 20:12:55,587 [ERROR] 请求失败：401 Client Error: Authorization Required for url: https://www.zhihu.com/api/v3/feed/topstory/hot-lists/total?limit=50&desktop=true
2026-08-23 20:12:55,587 [ERROR] 没有获取到热榜数据，退出。
2026-08-23 21:13:25,858 [WARNING] 未获取到有效的 words 列表，响应 keys: ['top_search']
2026-08-23 21:13:25,858 [ERROR] 没有获取到热搜数据，退出。
2026-08-23 21:13:26,648 [ERROR] 请求失败：401 Client Error: Authorization Required for url: https://www.zhihu.com/api/v3/feed/topstory/hot-lists/total?limit=50&desktop=true
2026-08-23 21:13:26,648 [ERROR] 没有获取到热榜数据，退出。
2026-08-23 22:13:07,371 [WARNING] 未获取到有效的 words 列表，响应 keys: ['top_search']
2026-08-23 22:13:07,372 [ERROR] 没有获取到热搜数据，退出。
2026-08-23 22:13:08,244 [ERROR] 请求失败：401 Client Error: Authorization Required for url: https://www.zhihu.com/api/v3/feed/topstory/hot-lists/total?limit=50&desktop=true
2026-08-23 22:13:08,244 [ERROR] 没有获取到热榜数据，退出。
2026-08-23 23:12:47,588 [WARNING] 未获取到有效的 words 列表，响应 keys: ['top_search']
2026-08-23 23:12:47,588 [ERROR] 没有获取到热搜数据，退出。
2026-08-23 23:12:48,350 [ERROR] 请求失败：403 Client Error: Forbidden for url: https://www.zhihu.com/api/v3/feed/topstory/hot-lists/total?limit=50&desktop=true
2026-08-23 23:12:48,351 [ERROR] 没有获取到热榜数据，退出。
