2026-08-16 00:50:55,344 [WARNING] 未获取到有效的 words 列表，响应 keys: ['top_search']
2026-08-16 00:50:55,345 [ERROR] 没有获取到热搜数据，退出。
2026-08-16 00:50:56,122 [ERROR] 请求失败：403 Client Error: Forbidden for url: https://www.zhihu.com/api/v3/feed/topstory/hot-lists/total?limit=50&desktop=true
2026-08-16 00:50:56,122 [ERROR] 没有获取到热榜数据，退出。
2026-08-16 02:16:34,127 [WARNING] 未获取到有效的 words 列表，响应 keys: ['top_search']
2026-08-16 02:16:34,127 [ERROR] 没有获取到热搜数据，退出。
2026-08-16 02:16:34,850 [ERROR] 请求失败：403 Client Error: Forbidden for url: https://www.zhihu.com/api/v3/feed/topstory/hot-lists/total?limit=50&desktop=true
2026-08-16 02:16:34,850 [ERROR] 没有获取到热榜数据，退出。
2026-08-16 03:40:38,806 [WARNING] 未获取到有效的 words 列表，响应 keys: ['top_search']
2026-08-16 03:40:38,806 [ERROR] 没有获取到热搜数据，退出。
2026-08-16 03:40:39,681 [ERROR] 请求失败：403 Client Error: Forbidden for url: https://www.zhihu.com/api/v3/feed/topstory/hot-lists/total?limit=50&desktop=true
2026-08-16 03:40:39,681 [ERROR] 没有获取到热榜数据，退出。
2026-08-16 04:27:25,792 [WARNING] 未获取到有效的 words 列表，响应 keys: ['top_search']
2026-08-16 04:27:25,792 [ERROR] 没有获取到热搜数据，退出。
2026-08-16 04:27:26,535 [ERROR] 请求失败：403 Client Error: Forbidden for url: https://www.zhihu.com/api/v3/feed/topstory/hot-lists/total?limit=50&desktop=true
2026-08-16 04:27:26,535 [ERROR] 没有获取到热榜数据，退出。
2026-08-16 05:20:13,726 [WARNING] 未获取到有效的 words 列表，响应 keys: ['top_search']
2026-08-16 05:20:13,727 [ERROR] 没有获取到热搜数据，退出。
2026-08-16 05:20:14,567 [ERROR] 请求失败：403 Client Error: Forbidden for url: https://www.zhihu.com/api/v3/feed/topstory/hot-lists/total?limit=50&desktop=true
2026-08-16 05:20:14,567 [ERROR] 没有获取到热榜数据，退出。
2026-08-16 06:25:51,490 [WARNING] 未获取到有效的 words 列表，响应 keys: ['top_search']
2026-08-16 06:25:51,490 [ERROR] 没有获取到热搜数据，退出。
2026-08-16 06:25:52,211 [ERROR] 请求失败：401 Client Error: Authorization Required for url: https://www.zhihu.com/api/v3/feed/topstory/hot-lists/total?limit=50&desktop=true
2026-08-16 06:25:52,211 [ERROR] 没有获取到热榜数据，退出。
2026-08-16 07:23:36,150 [WARNING] 未获取到有效的 words 列表，响应 keys: ['top_search']
2026-08-16 07:23:36,150 [ERROR] 没有获取到热搜数据，退出。
2026-08-16 07:23:36,945 [ERROR] 请求失败：403 Client Error: Forbidden for url: https://www.zhihu.com/api/v3/feed/topstory/hot-lists/total?limit=50&desktop=true
2026-08-16 07:23:36,945 [ERROR] 没有获取到热榜数据，退出。
2026-08-16 08:19:07,229 [WARNING] 未获取到有效的 words 列表，响应 keys: ['top_search']
2026-08-16 08:19:07,229 [ERROR] 没有获取到热搜数据，退出。
2026-08-16 08:19:07,988 [ERROR] 请求失败：403 Client Error: Forbidden for url: https://www.zhihu.com/api/v3/feed/topstory/hot-lists/total?limit=50&desktop=true
2026-08-16 08:19:07,989 [ERROR] 没有获取到热榜数据，退出。
2026-08-16 09:19:28,062 [WARNING] 未获取到有效的 words 列表，响应 keys: ['top_search']
2026-08-16 09:19:28,062 [ERROR] 没有获取到热搜数据，退出。
2026-08-16 09:19:28,774 [ERROR] 请求失败：403 Client Error: Forbidden for url: https://www.zhihu.com/api/v3/feed/topstory/hot-lists/total?limit=50&desktop=true
2026-08-16 09:19:28,774 [ERROR] 没有获取到热榜数据，退出。
