2026-08-20 00:47:17,223 [WARNING] 未获取到有效的 words 列表，响应 keys: ['top_search']
2026-08-20 00:47:17,223 [ERROR] 没有获取到热搜数据，退出。
2026-08-20 00:47:17,871 [ERROR] 请求失败：403 Client Error: Forbidden for url: https://www.zhihu.com/api/v3/feed/topstory/hot-lists/total?limit=50&desktop=true
2026-08-20 00:47:17,871 [ERROR] 没有获取到热榜数据，退出。
2026-08-20 02:12:11,427 [WARNING] 未获取到有效的 words 列表，响应 keys: ['top_search']
2026-08-20 02:12:11,427 [ERROR] 没有获取到热搜数据，退出。
2026-08-20 02:12:12,279 [ERROR] 请求失败：403 Client Error: Forbidden for url: https://www.zhihu.com/api/v3/feed/topstory/hot-lists/total?limit=50&desktop=true
2026-08-20 02:12:12,279 [ERROR] 没有获取到热榜数据，退出。
2026-08-20 03:39:02,757 [WARNING] 未获取到有效的 words 列表，响应 keys: ['top_search']
2026-08-20 03:39:02,757 [ERROR] 没有获取到热搜数据，退出。
2026-08-20 03:39:03,645 [ERROR] 请求失败：403 Client Error: Forbidden for url: https://www.zhihu.com/api/v3/feed/topstory/hot-lists/total?limit=50&desktop=true
2026-08-20 03:39:03,645 [ERROR] 没有获取到热榜数据，退出。
2026-08-20 05:22:24,858 [WARNING] 未获取到有效的 words 列表，响应 keys: ['top_search']
2026-08-20 05:22:24,859 [ERROR] 没有获取到热搜数据，退出。
2026-08-20 05:22:25,539 [ERROR] 请求失败：403 Client Error: Forbidden for url: https://www.zhihu.com/api/v3/feed/topstory/hot-lists/total?limit=50&desktop=true
2026-08-20 05:22:25,539 [ERROR] 没有获取到热榜数据，退出。
2026-08-20 06:31:55,177 [WARNING] 未获取到有效的 words 列表，响应 keys: ['top_search']
2026-08-20 06:31:55,177 [ERROR] 没有获取到热搜数据，退出。
2026-08-20 06:31:55,971 [ERROR] 请求失败：403 Client Error: Forbidden for url: https://www.zhihu.com/api/v3/feed/topstory/hot-lists/total?limit=50&desktop=true
2026-08-20 06:31:55,972 [ERROR] 没有获取到热榜数据，退出。
2026-08-20 07:33:39,165 [WARNING] 未获取到有效的 words 列表，响应 keys: ['top_search']
2026-08-20 07:33:39,165 [ERROR] 没有获取到热搜数据，退出。
2026-08-20 07:33:40,350 [ERROR] 请求失败：403 Client Error: Forbidden for url: https://www.zhihu.com/api/v3/feed/topstory/hot-lists/total?limit=50&desktop=true
2026-08-20 07:33:40,350 [ERROR] 没有获取到热榜数据，退出。
2026-08-20 08:27:36,984 [WARNING] 未获取到有效的 words 列表，响应 keys: ['top_search']
2026-08-20 08:27:36,984 [ERROR] 没有获取到热搜数据，退出。
2026-08-20 08:27:37,653 [ERROR] 请求失败：403 Client Error: Forbidden for url: https://www.zhihu.com/api/v3/feed/topstory/hot-lists/total?limit=50&desktop=true
2026-08-20 08:27:37,654 [ERROR] 没有获取到热榜数据，退出。
2026-08-20 09:25:12,021 [WARNING] 未获取到有效的 words 列表，响应 keys: ['top_search']
2026-08-20 09:25:12,021 [ERROR] 没有获取到热搜数据，退出。
2026-08-20 09:25:12,803 [ERROR] 请求失败：403 Client Error: Forbidden for url: https://www.zhihu.com/api/v3/feed/topstory/hot-lists/total?limit=50&desktop=true
2026-08-20 09:25:12,803 [ERROR] 没有获取到热榜数据，退出。
2026-08-20 10:20:54,868 [INFO] 成功写入 10 条热搜到 hotresearch/2026_8_20/2026_8_20_10.txt
2026-08-20 10:20:55,673 [ERROR] 请求失败：403 Client Error: Forbidden for url: https://www.zhihu.com/api/v3/feed/topstory/hot-lists/total?limit=50&desktop=true
2026-08-20 10:20:55,674 [ERROR] 没有获取到热榜数据，退出。
