2026-08-17 00:49:11,179 [WARNING] 未获取到有效的 words 列表，响应 keys: ['top_search']
2026-08-17 00:49:11,179 [ERROR] 没有获取到热搜数据，退出。
2026-08-17 00:49:11,979 [ERROR] 请求失败：403 Client Error: Forbidden for url: https://www.zhihu.com/api/v3/feed/topstory/hot-lists/total?limit=50&desktop=true
2026-08-17 00:49:11,979 [ERROR] 没有获取到热榜数据，退出。
2026-08-17 02:14:55,969 [WARNING] 未获取到有效的 words 列表，响应 keys: ['top_search']
2026-08-17 02:14:55,969 [ERROR] 没有获取到热搜数据，退出。
2026-08-17 02:14:56,685 [ERROR] 请求失败：403 Client Error: Forbidden for url: https://www.zhihu.com/api/v3/feed/topstory/hot-lists/total?limit=50&desktop=true
2026-08-17 02:14:56,685 [ERROR] 没有获取到热榜数据，退出。
2026-08-17 03:41:53,006 [WARNING] 未获取到有效的 words 列表，响应 keys: ['top_search']
2026-08-17 03:41:53,006 [ERROR] 没有获取到热搜数据，退出。
2026-08-17 03:41:54,014 [ERROR] 请求失败：403 Client Error: Forbidden for url: https://www.zhihu.com/api/v3/feed/topstory/hot-lists/total?limit=50&desktop=true
2026-08-17 03:41:54,014 [ERROR] 没有获取到热榜数据，退出。
2026-08-17 04:33:02,819 [ERROR] 请求失败：403 Client Error: Forbidden for url: https://www.zhihu.com/api/v4/search/top_search
2026-08-17 04:33:02,819 [ERROR] 没有获取到热搜数据，退出。
2026-08-17 04:33:03,720 [ERROR] 请求失败：403 Client Error: Forbidden for url: https://www.zhihu.com/api/v3/feed/topstory/hot-lists/total?limit=50&desktop=true
2026-08-17 04:33:03,720 [ERROR] 没有获取到热榜数据，退出。
2026-08-17 05:27:42,626 [WARNING] 未获取到有效的 words 列表，响应 keys: ['top_search']
2026-08-17 05:27:42,626 [ERROR] 没有获取到热搜数据，退出。
2026-08-17 05:27:43,476 [ERROR] 请求失败：403 Client Error: Forbidden for url: https://www.zhihu.com/api/v3/feed/topstory/hot-lists/total?limit=50&desktop=true
2026-08-17 05:27:43,476 [ERROR] 没有获取到热榜数据，退出。
2026-08-17 06:37:12,501 [WARNING] 未获取到有效的 words 列表，响应 keys: ['top_search']
2026-08-17 06:37:12,501 [ERROR] 没有获取到热搜数据，退出。
2026-08-17 06:37:13,265 [ERROR] 请求失败：403 Client Error: Forbidden for url: https://www.zhihu.com/api/v3/feed/topstory/hot-lists/total?limit=50&desktop=true
2026-08-17 06:37:13,265 [ERROR] 没有获取到热榜数据，退出。
2026-08-17 07:44:21,036 [INFO] 成功写入 10 条热搜到 hotresearch/2026_8_17/2026_8_17_7.txt
2026-08-17 07:44:21,718 [ERROR] 请求失败：403 Client Error: Forbidden for url: https://www.zhihu.com/api/v3/feed/topstory/hot-lists/total?limit=50&desktop=true
2026-08-17 07:44:21,718 [ERROR] 没有获取到热榜数据，退出。
2026-08-17 08:33:36,176 [INFO] 成功写入 10 条热搜到 hotresearch/2026_8_17/2026_8_17_8.txt
2026-08-17 08:33:37,046 [ERROR] 请求失败：403 Client Error: Forbidden for url: https://www.zhihu.com/api/v3/feed/topstory/hot-lists/total?limit=50&desktop=true
2026-08-17 08:33:37,046 [ERROR] 没有获取到热榜数据，退出。
2026-08-17 09:32:26,873 [INFO] 成功写入 10 条热搜到 hotresearch/2026_8_17/2026_8_17_9.txt
2026-08-17 09:32:27,565 [ERROR] 请求失败：403 Client Error: Forbidden for url: https://www.zhihu.com/api/v3/feed/topstory/hot-lists/total?limit=50&desktop=true
2026-08-17 09:32:27,566 [ERROR] 没有获取到热榜数据，退出。
2026-08-17 10:23:43,907 [INFO] 成功写入 10 条热搜到 hotresearch/2026_8_17/2026_8_17_10.txt
2026-08-17 10:23:44,645 [ERROR] 请求失败：403 Client Error: Forbidden for url: https://www.zhihu.com/api/v3/feed/topstory/hot-lists/total?limit=50&desktop=true
2026-08-17 10:23:44,645 [ERROR] 没有获取到热榜数据，退出。
2026-08-17 11:17:43,590 [INFO] 成功写入 10 条热搜到 hotresearch/2026_8_17/2026_8_17_11.txt
2026-08-17 11:17:44,289 [ERROR] 请求失败：403 Client Error: Forbidden for url: https://www.zhihu.com/api/v3/feed/topstory/hot-lists/total?limit=50&desktop=true
2026-08-17 11:17:44,289 [ERROR] 没有获取到热榜数据，退出。
2026-08-17 12:27:02,142 [INFO] 成功写入 10 条热搜到 hotresearch/2026_8_17/2026_8_17_12.txt
2026-08-17 12:27:02,956 [ERROR] 请求失败：403 Client Error: Forbidden for url: https://www.zhihu.com/api/v3/feed/topstory/hot-lists/total?limit=50&desktop=true
2026-08-17 12:27:02,956 [ERROR] 没有获取到热榜数据，退出。
2026-08-17 13:32:51,785 [INFO] 成功写入 10 条热搜到 hotresearch/2026_8_17/2026_8_17_13.txt
2026-08-17 13:32:52,530 [ERROR] 请求失败：403 Client Error: Forbidden for url: https://www.zhihu.com/api/v3/feed/topstory/hot-lists/total?limit=50&desktop=true
2026-08-17 13:32:52,530 [ERROR] 没有获取到热榜数据，退出。
2026-08-17 14:18:59,529 [INFO] 成功写入 10 条热搜到 hotresearch/2026_8_17/2026_8_17_14.txt
2026-08-17 14:19:00,213 [ERROR] 请求失败：401 Client Error: Authorization Required for url: https://www.zhihu.com/api/v3/feed/topstory/hot-lists/total?limit=50&desktop=true
2026-08-17 14:19:00,213 [ERROR] 没有获取到热榜数据，退出。
2026-08-17 15:19:04,838 [INFO] 成功写入 10 条热搜到 hotresearch/2026_8_17/2026_8_17_15.txt
2026-08-17 15:19:05,681 [ERROR] 请求失败：403 Client Error: Forbidden for url: https://www.zhihu.com/api/v3/feed/topstory/hot-lists/total?limit=50&desktop=true
2026-08-17 15:19:05,681 [ERROR] 没有获取到热榜数据，退出。
2026-08-17 16:18:28,662 [INFO] 成功写入 10 条热搜到 hotresearch/2026_8_17/2026_8_17_16.txt
2026-08-17 16:18:29,412 [ERROR] 请求失败：403 Client Error: Forbidden for url: https://www.zhihu.com/api/v3/feed/topstory/hot-lists/total?limit=50&desktop=true
2026-08-17 16:18:29,412 [ERROR] 没有获取到热榜数据，退出。
2026-08-17 17:19:03,067 [INFO] 成功写入 10 条热搜到 hotresearch/2026_8_17/2026_8_17_17.txt
2026-08-17 17:19:03,813 [ERROR] 请求失败：403 Client Error: Forbidden for url: https://www.zhihu.com/api/v3/feed/topstory/hot-lists/total?limit=50&desktop=true
2026-08-17 17:19:03,813 [ERROR] 没有获取到热榜数据，退出。
2026-08-17 18:26:25,514 [INFO] 成功写入 10 条热搜到 hotresearch/2026_8_17/2026_8_17_18.txt
2026-08-17 18:26:26,290 [ERROR] 请求失败：403 Client Error: Forbidden for url: https://www.zhihu.com/api/v3/feed/topstory/hot-lists/total?limit=50&desktop=true
2026-08-17 18:26:26,290 [ERROR] 没有获取到热榜数据，退出。
