2026-09-08 02:23:41,320 [INFO] 成功写入 10 条热搜到 hotresearch/2026_9_8/2026_9_8_2.txt
2026-09-08 02:23:42,093 [ERROR] 请求失败：403 Client Error: Forbidden for url: https://www.zhihu.com/api/v3/feed/topstory/hot-lists/total?limit=50&desktop=true
2026-09-08 02:23:42,093 [ERROR] 没有获取到热榜数据，退出。
2026-09-08 07:38:08,013 [INFO] 成功写入 10 条热搜到 hotresearch/2026_9_8/2026_9_8_7.txt
2026-09-08 07:38:08,637 [ERROR] 请求失败：403 Client Error: Forbidden for url: https://www.zhihu.com/api/v3/feed/topstory/hot-lists/total?limit=50&desktop=true
2026-09-08 07:38:08,637 [ERROR] 没有获取到热榜数据，退出。
2026-09-08 12:27:50,237 [WARNING] 未获取到有效的 words 列表，响应 keys: ['top_search']
2026-09-08 12:27:50,237 [ERROR] 没有获取到热搜数据，退出。
2026-09-08 12:27:50,856 [ERROR] 请求失败：403 Client Error: Forbidden for url: https://www.zhihu.com/api/v3/feed/topstory/hot-lists/total?limit=50&desktop=true
2026-09-08 12:27:50,856 [ERROR] 没有获取到热榜数据，退出。
2026-09-08 16:57:19,408 [WARNING] 未获取到有效的 words 列表，响应 keys: ['top_search']
2026-09-08 16:57:19,408 [ERROR] 没有获取到热搜数据，退出。
2026-09-08 16:57:20,153 [ERROR] 请求失败：403 Client Error: Forbidden for url: https://www.zhihu.com/api/v3/feed/topstory/hot-lists/total?limit=50&desktop=true
2026-09-08 16:57:20,153 [ERROR] 没有获取到热榜数据，退出。
2026-09-08 19:43:53,237 [INFO] 成功写入 10 条热搜到 hotresearch/2026_9_8/2026_9_8_19.txt
2026-09-08 19:43:53,932 [ERROR] 请求失败：401 Client Error: Authorization Required for url: https://www.zhihu.com/api/v3/feed/topstory/hot-lists/total?limit=50&desktop=true
2026-09-08 19:43:53,932 [ERROR] 没有获取到热榜数据，退出。
2026-09-08 22:13:37,623 [INFO] 成功写入 10 条热搜到 hotresearch/2026_9_8/2026_9_8_22.txt
2026-09-08 22:13:38,330 [ERROR] 请求失败：401 Client Error: Authorization Required for url: https://www.zhihu.com/api/v3/feed/topstory/hot-lists/total?limit=50&desktop=true
2026-09-08 22:13:38,330 [ERROR] 没有获取到热榜数据，退出。
