2026-08-25 00:50:02,424 [WARNING] 未获取到有效的 words 列表，响应 keys: ['top_search']
2026-08-25 00:50:02,424 [ERROR] 没有获取到热搜数据，退出。
2026-08-25 00:50:03,244 [ERROR] 请求失败：403 Client Error: Forbidden for url: https://www.zhihu.com/api/v3/feed/topstory/hot-lists/total?limit=50&desktop=true
2026-08-25 00:50:03,244 [ERROR] 没有获取到热榜数据，退出。
2026-08-25 02:13:43,055 [WARNING] 未获取到有效的 words 列表，响应 keys: ['top_search']
2026-08-25 02:13:43,055 [ERROR] 没有获取到热搜数据，退出。
2026-08-25 02:13:43,997 [ERROR] 请求失败：403 Client Error: Forbidden for url: https://www.zhihu.com/api/v3/feed/topstory/hot-lists/total?limit=50&desktop=true
2026-08-25 02:13:43,997 [ERROR] 没有获取到热榜数据，退出。
2026-08-25 03:40:47,454 [WARNING] 未获取到有效的 words 列表，响应 keys: ['top_search']
2026-08-25 03:40:47,454 [ERROR] 没有获取到热搜数据，退出。
2026-08-25 03:40:48,337 [ERROR] 请求失败：403 Client Error: Forbidden for url: https://www.zhihu.com/api/v3/feed/topstory/hot-lists/total?limit=50&desktop=true
2026-08-25 03:40:48,337 [ERROR] 没有获取到热榜数据，退出。
2026-08-25 04:30:55,802 [WARNING] 未获取到有效的 words 列表，响应 keys: ['top_search']
2026-08-25 04:30:55,802 [ERROR] 没有获取到热搜数据，退出。
2026-08-25 04:30:56,684 [ERROR] 请求失败：403 Client Error: Forbidden for url: https://www.zhihu.com/api/v3/feed/topstory/hot-lists/total?limit=50&desktop=true
2026-08-25 04:30:56,685 [ERROR] 没有获取到热榜数据，退出。
2026-08-25 05:24:06,576 [WARNING] 未获取到有效的 words 列表，响应 keys: ['top_search']
2026-08-25 05:24:06,576 [ERROR] 没有获取到热搜数据，退出。
2026-08-25 05:24:07,611 [ERROR] 请求失败：403 Client Error: Forbidden for url: https://www.zhihu.com/api/v3/feed/topstory/hot-lists/total?limit=50&desktop=true
2026-08-25 05:24:07,611 [ERROR] 没有获取到热榜数据，退出。
2026-08-25 06:32:21,868 [WARNING] 未获取到有效的 words 列表，响应 keys: ['top_search']
2026-08-25 06:32:21,868 [ERROR] 没有获取到热搜数据，退出。
2026-08-25 06:32:22,836 [ERROR] 请求失败：403 Client Error: Forbidden for url: https://www.zhihu.com/api/v3/feed/topstory/hot-lists/total?limit=50&desktop=true
2026-08-25 06:32:22,836 [ERROR] 没有获取到热榜数据，退出。
2026-08-25 07:36:53,647 [WARNING] 未获取到有效的 words 列表，响应 keys: ['top_search']
2026-08-25 07:36:53,647 [ERROR] 没有获取到热搜数据，退出。
2026-08-25 07:36:54,557 [ERROR] 请求失败：403 Client Error: Forbidden for url: https://www.zhihu.com/api/v3/feed/topstory/hot-lists/total?limit=50&desktop=true
2026-08-25 07:36:54,558 [ERROR] 没有获取到热榜数据，退出。
2026-08-25 08:32:19,488 [WARNING] 未获取到有效的 words 列表，响应 keys: ['top_search']
2026-08-25 08:32:19,488 [ERROR] 没有获取到热搜数据，退出。
2026-08-25 08:32:20,246 [ERROR] 请求失败：403 Client Error: Forbidden for url: https://www.zhihu.com/api/v3/feed/topstory/hot-lists/total?limit=50&desktop=true
2026-08-25 08:32:20,246 [ERROR] 没有获取到热榜数据，退出。
2026-08-25 09:26:44,659 [WARNING] 未获取到有效的 words 列表，响应 keys: ['top_search']
2026-08-25 09:26:44,659 [ERROR] 没有获取到热搜数据，退出。
2026-08-25 09:26:45,458 [ERROR] 请求失败：403 Client Error: Forbidden for url: https://www.zhihu.com/api/v3/feed/topstory/hot-lists/total?limit=50&desktop=true
2026-08-25 09:26:45,458 [ERROR] 没有获取到热榜数据，退出。
2026-08-25 10:23:02,054 [INFO] 成功写入 10 条热搜到 hotresearch/2026_8_25/2026_8_25_10.txt
2026-08-25 10:23:02,929 [ERROR] 请求失败：403 Client Error: Forbidden for url: https://www.zhihu.com/api/v3/feed/topstory/hot-lists/total?limit=50&desktop=true
2026-08-25 10:23:02,929 [ERROR] 没有获取到热榜数据，退出。
2026-08-25 11:19:23,295 [INFO] 成功写入 10 条热搜到 hotresearch/2026_8_25/2026_8_25_11.txt
2026-08-25 11:19:24,231 [ERROR] 请求失败：403 Client Error: Forbidden for url: https://www.zhihu.com/api/v3/feed/topstory/hot-lists/total?limit=50&desktop=true
2026-08-25 11:19:24,231 [ERROR] 没有获取到热榜数据，退出。
2026-08-25 12:31:59,103 [INFO] 成功写入 10 条热搜到 hotresearch/2026_8_25/2026_8_25_12.txt
2026-08-25 12:32:00,055 [ERROR] 请求失败：403 Client Error: Forbidden for url: https://www.zhihu.com/api/v3/feed/topstory/hot-lists/total?limit=50&desktop=true
2026-08-25 12:32:00,055 [ERROR] 没有获取到热榜数据，退出。
2026-08-25 13:41:22,672 [INFO] 成功写入 10 条热搜到 hotresearch/2026_8_25/2026_8_25_13.txt
2026-08-25 13:41:23,583 [ERROR] 请求失败：403 Client Error: Forbidden for url: https://www.zhihu.com/api/v3/feed/topstory/hot-lists/total?limit=50&desktop=true
2026-08-25 13:41:23,583 [ERROR] 没有获取到热榜数据，退出。
2026-08-25 14:35:53,903 [INFO] 成功写入 10 条热搜到 hotresearch/2026_8_25/2026_8_25_14.txt
2026-08-25 14:35:54,760 [ERROR] 请求失败：403 Client Error: Forbidden for url: https://www.zhihu.com/api/v3/feed/topstory/hot-lists/total?limit=50&desktop=true
2026-08-25 14:35:54,760 [ERROR] 没有获取到热榜数据，退出。
