2026-08-19 00:47:21,505 [INFO] 成功写入 10 条热搜到 hotresearch/2026_8_19/2026_8_19_0.txt
2026-08-19 00:47:22,327 [ERROR] 请求失败：403 Client Error: Forbidden for url: https://www.zhihu.com/api/v3/feed/topstory/hot-lists/total?limit=50&desktop=true
2026-08-19 00:47:22,328 [ERROR] 没有获取到热榜数据，退出。
2026-08-19 02:13:37,375 [ERROR] 请求失败：403 Client Error: Forbidden for url: https://www.zhihu.com/api/v4/search/top_search
2026-08-19 02:13:37,375 [ERROR] 没有获取到热搜数据，退出。
2026-08-19 02:13:38,231 [ERROR] 请求失败：403 Client Error: Forbidden for url: https://www.zhihu.com/api/v3/feed/topstory/hot-lists/total?limit=50&desktop=true
2026-08-19 02:13:38,231 [ERROR] 没有获取到热榜数据，退出。
2026-08-19 03:39:03,250 [INFO] 成功写入 10 条热搜到 hotresearch/2026_8_19/2026_8_19_3.txt
2026-08-19 03:39:03,934 [ERROR] 请求失败：403 Client Error: Forbidden for url: https://www.zhihu.com/api/v3/feed/topstory/hot-lists/total?limit=50&desktop=true
2026-08-19 03:39:03,934 [ERROR] 没有获取到热榜数据，退出。
2026-08-19 04:28:48,054 [INFO] 成功写入 10 条热搜到 hotresearch/2026_8_19/2026_8_19_4.txt
2026-08-19 04:28:48,724 [ERROR] 请求失败：403 Client Error: Forbidden for url: https://www.zhihu.com/api/v3/feed/topstory/hot-lists/total?limit=50&desktop=true
2026-08-19 04:28:48,724 [ERROR] 没有获取到热榜数据，退出。
2026-08-19 05:21:21,990 [INFO] 成功写入 10 条热搜到 hotresearch/2026_8_19/2026_8_19_5.txt
2026-08-19 05:21:23,355 [ERROR] 请求失败：403 Client Error: Forbidden for url: https://www.zhihu.com/api/v3/feed/topstory/hot-lists/total?limit=50&desktop=true
2026-08-19 05:21:23,355 [ERROR] 没有获取到热榜数据，退出。
2026-08-19 06:29:38,044 [INFO] 成功写入 10 条热搜到 hotresearch/2026_8_19/2026_8_19_6.txt
2026-08-19 06:29:38,771 [ERROR] 请求失败：403 Client Error: Forbidden for url: https://www.zhihu.com/api/v3/feed/topstory/hot-lists/total?limit=50&desktop=true
2026-08-19 06:29:38,771 [ERROR] 没有获取到热榜数据，退出。
2026-08-19 07:30:57,603 [INFO] 成功写入 10 条热搜到 hotresearch/2026_8_19/2026_8_19_7.txt
2026-08-19 07:30:58,310 [ERROR] 请求失败：403 Client Error: Forbidden for url: https://www.zhihu.com/api/v3/feed/topstory/hot-lists/total?limit=50&desktop=true
2026-08-19 07:30:58,310 [ERROR] 没有获取到热榜数据，退出。
2026-08-19 08:26:39,243 [WARNING] 未获取到有效的 words 列表，响应 keys: ['top_search']
2026-08-19 08:26:39,243 [ERROR] 没有获取到热搜数据，退出。
2026-08-19 08:26:39,913 [ERROR] 请求失败：403 Client Error: Forbidden for url: https://www.zhihu.com/api/v3/feed/topstory/hot-lists/total?limit=50&desktop=true
2026-08-19 08:26:39,913 [ERROR] 没有获取到热榜数据，退出。
2026-08-19 09:24:54,532 [INFO] 成功写入 10 条热搜到 hotresearch/2026_8_19/2026_8_19_9.txt
2026-08-19 09:24:55,229 [ERROR] 请求失败：403 Client Error: Forbidden for url: https://www.zhihu.com/api/v3/feed/topstory/hot-lists/total?limit=50&desktop=true
2026-08-19 09:24:55,229 [ERROR] 没有获取到热榜数据，退出。
2026-08-19 10:19:50,600 [WARNING] 未获取到有效的 words 列表，响应 keys: ['top_search']
2026-08-19 10:19:50,600 [ERROR] 没有获取到热搜数据，退出。
2026-08-19 10:19:51,282 [ERROR] 请求失败：403 Client Error: Forbidden for url: https://www.zhihu.com/api/v3/feed/topstory/hot-lists/total?limit=50&desktop=true
2026-08-19 10:19:51,282 [ERROR] 没有获取到热榜数据，退出。
2026-08-19 11:17:23,822 [WARNING] 未获取到有效的 words 列表，响应 keys: ['top_search']
2026-08-19 11:17:23,822 [ERROR] 没有获取到热搜数据，退出。
2026-08-19 11:17:24,489 [ERROR] 请求失败：401 Client Error: Authorization Required for url: https://www.zhihu.com/api/v3/feed/topstory/hot-lists/total?limit=50&desktop=true
2026-08-19 11:17:24,489 [ERROR] 没有获取到热榜数据，退出。
2026-08-19 12:29:28,657 [WARNING] 未获取到有效的 words 列表，响应 keys: ['top_search']
2026-08-19 12:29:28,657 [ERROR] 没有获取到热搜数据，退出。
2026-08-19 12:29:29,350 [ERROR] 请求失败：403 Client Error: Forbidden for url: https://www.zhihu.com/api/v3/feed/topstory/hot-lists/total?limit=50&desktop=true
2026-08-19 12:29:29,350 [ERROR] 没有获取到热榜数据，退出。
2026-08-19 13:37:10,468 [WARNING] 未获取到有效的 words 列表，响应 keys: ['top_search']
2026-08-19 13:37:10,468 [ERROR] 没有获取到热搜数据，退出。
2026-08-19 13:37:11,140 [ERROR] 请求失败：403 Client Error: Forbidden for url: https://www.zhihu.com/api/v3/feed/topstory/hot-lists/total?limit=50&desktop=true
2026-08-19 13:37:11,140 [ERROR] 没有获取到热榜数据，退出。
2026-08-19 14:24:06,584 [WARNING] 未获取到有效的 words 列表，响应 keys: ['top_search']
2026-08-19 14:24:06,585 [ERROR] 没有获取到热搜数据，退出。
2026-08-19 14:24:13,399 [ERROR] 请求失败：403 Client Error: Forbidden for url: https://www.zhihu.com/api/v3/feed/topstory/hot-lists/total?limit=50&desktop=true
2026-08-19 14:24:13,399 [ERROR] 没有获取到热榜数据，退出。
2026-08-19 15:22:29,931 [WARNING] 未获取到有效的 words 列表，响应 keys: ['top_search']
2026-08-19 15:22:29,931 [ERROR] 没有获取到热搜数据，退出。
2026-08-19 15:22:30,637 [ERROR] 请求失败：403 Client Error: Forbidden for url: https://www.zhihu.com/api/v3/feed/topstory/hot-lists/total?limit=50&desktop=true
2026-08-19 15:22:30,638 [ERROR] 没有获取到热榜数据，退出。
2026-08-19 16:21:10,759 [WARNING] 未获取到有效的 words 列表，响应 keys: ['top_search']
2026-08-19 16:21:10,759 [ERROR] 没有获取到热搜数据，退出。
2026-08-19 16:21:11,531 [ERROR] 请求失败：403 Client Error: Forbidden for url: https://www.zhihu.com/api/v3/feed/topstory/hot-lists/total?limit=50&desktop=true
2026-08-19 16:21:11,532 [ERROR] 没有获取到热榜数据，退出。
2026-08-19 17:19:25,634 [WARNING] 未获取到有效的 words 列表，响应 keys: ['top_search']
2026-08-19 17:19:25,634 [ERROR] 没有获取到热搜数据，退出。
2026-08-19 17:19:26,445 [ERROR] 请求失败：401 Client Error: Authorization Required for url: https://www.zhihu.com/api/v3/feed/topstory/hot-lists/total?limit=50&desktop=true
2026-08-19 17:19:26,445 [ERROR] 没有获取到热榜数据，退出。
2026-08-19 18:21:48,936 [WARNING] 未获取到有效的 words 列表，响应 keys: ['top_search']
2026-08-19 18:21:48,936 [ERROR] 没有获取到热搜数据，退出。
2026-08-19 18:21:49,641 [ERROR] 请求失败：403 Client Error: Forbidden for url: https://www.zhihu.com/api/v3/feed/topstory/hot-lists/total?limit=50&desktop=true
2026-08-19 18:21:49,641 [ERROR] 没有获取到热榜数据，退出。
2026-08-19 19:18:35,835 [WARNING] 未获取到有效的 words 列表，响应 keys: ['top_search']
2026-08-19 19:18:35,835 [ERROR] 没有获取到热搜数据，退出。
2026-08-19 19:18:36,529 [ERROR] 请求失败：401 Client Error: Authorization Required for url: https://www.zhihu.com/api/v3/feed/topstory/hot-lists/total?limit=50&desktop=true
2026-08-19 19:18:36,529 [ERROR] 没有获取到热榜数据，退出。
2026-08-19 20:17:23,811 [WARNING] 未获取到有效的 words 列表，响应 keys: ['top_search']
2026-08-19 20:17:23,812 [ERROR] 没有获取到热搜数据，退出。
2026-08-19 20:17:24,565 [ERROR] 请求失败：401 Client Error: Authorization Required for url: https://www.zhihu.com/api/v3/feed/topstory/hot-lists/total?limit=50&desktop=true
2026-08-19 20:17:24,565 [ERROR] 没有获取到热榜数据，退出。
2026-08-19 21:17:43,504 [WARNING] 未获取到有效的 words 列表，响应 keys: ['top_search']
2026-08-19 21:17:43,505 [ERROR] 没有获取到热搜数据，退出。
2026-08-19 21:17:44,198 [ERROR] 请求失败：401 Client Error: Authorization Required for url: https://www.zhihu.com/api/v3/feed/topstory/hot-lists/total?limit=50&desktop=true
2026-08-19 21:17:44,199 [ERROR] 没有获取到热榜数据，退出。
2026-08-19 22:16:00,543 [WARNING] 未获取到有效的 words 列表，响应 keys: ['top_search']
2026-08-19 22:16:00,543 [ERROR] 没有获取到热搜数据，退出。
2026-08-19 22:16:01,248 [ERROR] 请求失败：401 Client Error: Authorization Required for url: https://www.zhihu.com/api/v3/feed/topstory/hot-lists/total?limit=50&desktop=true
2026-08-19 22:16:01,248 [ERROR] 没有获取到热榜数据，退出。
2026-08-19 23:15:20,008 [WARNING] 未获取到有效的 words 列表，响应 keys: ['top_search']
2026-08-19 23:15:20,008 [ERROR] 没有获取到热搜数据，退出。
2026-08-19 23:15:20,773 [ERROR] 请求失败：403 Client Error: Forbidden for url: https://www.zhihu.com/api/v3/feed/topstory/hot-lists/total?limit=50&desktop=true
2026-08-19 23:15:20,773 [ERROR] 没有获取到热榜数据，退出。
